This is pdfTeX, Version 3.141592653-2.6-1.40.29 (TeX Live 2026) (preloaded format=pdflatex)
 restricted \write18 enabled.
entering extended mode
(./typeset_preview.tex
LaTeX2e <2026-06-01>
L3 programming layer <2026-08-10>
(/home/gschwing/.TinyTeX/texmf-dist/tex/latex/revtex/revtex4-2.cls
Document Class: revtex4-2 2022/06/05 4.2f (https://journals.aps.org/revtex/ for documentation)
ltxutil[2022/06/05 4.2f utilities package (portions licensed from W. E. Baxter web at superscript.com)]
ltxfront[2022/06/05 4.2f frontmatter package (AO,DPC,MD)]
ltxgrid[2022/06/05 4.2f page grid package (portions licensed from W. E. Baxter web at superscript.com)]
(/home/gschwing/.TinyTeX/texmf-dist/tex/latex/revtex/aapm4-2.rtx)
Using journal substyle mph.
(/home/gschwing/.TinyTeX/texmf-dist/tex/latex/base/fleqn.clo) (/home/gschwing/.TinyTeX/texmf-dist/tex/latex/revtex/aps10pt4-2.rtx) (/home/gschwing/.TinyTeX/texmf-dist/tex/latex/textcase/textcase.sty) (/home/gschwing/.TinyTeX/texmf-dist/tex/latex/amsfonts/amssymb.sty (/home/gschwing/.TinyTeX/texmf-dist/tex/latex/amsfonts/amsfonts.sty)) (/home/gschwing/.TinyTeX/texmf-dist/tex/latex/amsmath/amsmath.sty
For additional information on amsmath, use the `?' option.
(/home/gschwing/.TinyTeX/texmf-dist/tex/latex/amsmath/amstext.sty (/home/gschwing/.TinyTeX/texmf-dist/tex/latex/amsmath/amsgen.sty)) (/home/gschwing/.TinyTeX/texmf-dist/tex/latex/amsmath/amsbsy.sty) (/home/gschwing/.TinyTeX/texmf-dist/tex/latex/amsmath/amsopn.sty)) (/home/gschwing/.TinyTeX/texmf-dist/tex/latex/url/url.sty) (/home/gschwing/.TinyTeX/texmf-dist/tex/latex/natbib/natbib.sty) (/home/gschwing/.TinyTeX/texmf-dist/tex/latex/revtex/revsymb4-2.sty)) (/home/gschwing/.TinyTeX/texmf-dist/tex/latex/graphics/graphicx.sty (/home/gschwing/.TinyTeX/texmf-dist/tex/latex/graphics/keyval.sty) (/home/gschwing/.TinyTeX/texmf-dist/tex/latex/graphics/graphics.sty (/home/gschwing/.TinyTeX/texmf-dist/tex/latex/graphics/trig.sty) (/home/gschwing/.TinyTeX/texmf-dist/tex/latex/graphics-cfg/graphics.cfg) (/home/gschwing/.TinyTeX/texmf-dist/tex/latex/graphics-def/pdftex.def))) (/home/gschwing/.TinyTeX/texmf-dist/tex/latex/booktabs/booktabs.sty) (/home/gschwing/.TinyTeX/texmf-dist/tex/latex/siunitx/siunitx.sty (/home/gschwing/.TinyTeX/texmf-dist/tex/latex/tools/array.sty)) (/home/gschwing/.TinyTeX/texmf-dist/tex/latex/pgf/frontendlayer/tikz.sty (/home/gschwing/.TinyTeX/texmf-dist/tex/latex/pgf/basiclayer/pgf.sty (/home/gschwing/.TinyTeX/texmf-dist/tex/latex/pgf/utilities/pgfrcs.sty (/home/gschwing/.TinyTeX/texmf-dist/tex/generic/pgf/utilities/pgfutil-common.tex) (/home/gschwing/.TinyTeX/texmf-dist/tex/generic/pgf/utilities/pgfutil-latex.def) (/home/gschwing/.TinyTeX/texmf-dist/tex/generic/pgf/utilities/pgfrcs.code.tex (/home/gschwing/.TinyTeX/texmf-dist/tex/generic/pgf/pgf.revision.tex))) (/home/gschwing/.TinyTeX/texmf-dist/tex/latex/pgf/basiclayer/pgfcore.sty (/home/gschwing/.TinyTeX/texmf-dist/tex/latex/pgf/systemlayer/pgfsys.sty (/home/gschwing/.TinyTeX/texmf-dist/tex/generic/pgf/systemlayer/pgfsys.code.tex (/home/gschwing/.TinyTeX/texmf-dist/tex/generic/pgf/utilities/pgfkeys.code.tex (/home/gschwing/.TinyTeX/texmf-dist/tex/generic/pgf/utilities/pgfkeyslibraryfiltered.code.tex)) (/home/gschwing/.TinyTeX/texmf-dist/tex/generic/pgf/systemlayer/pgf.cfg) (/home/gschwing/.TinyTeX/texmf-dist/tex/generic/pgf/systemlayer/pgfsys-pdftex.def (/home/gschwing/.TinyTeX/texmf-dist/tex/generic/pgf/systemlayer/pgfsys-common-pdf.def))) (/home/gschwing/.TinyTeX/texmf-dist/tex/generic/pgf/systemlayer/pgfsyssoftpath.code.tex) (/home/gschwing/.TinyTeX/texmf-dist/tex/generic/pgf/systemlayer/pgfsysprotocol.code.tex)) (/home/gschwing/.TinyTeX/texmf-dist/tex/latex/xcolor/xcolor.sty (/home/gschwing/.TinyTeX/texmf-dist/tex/latex/graphics-cfg/color.cfg) (/home/gschwing/.TinyTeX/texmf-dist/tex/latex/graphics/mathcolor.ltx)) (/home/gschwing/.TinyTeX/texmf-dist/tex/generic/pgf/basiclayer/pgfcore.code.tex (/home/gschwing/.TinyTeX/texmf-dist/tex/generic/pgf/math/pgfmath.code.tex (/home/gschwing/.TinyTeX/texmf-dist/tex/generic/pgf/math/pgfmathutil.code.tex) (/home/gschwing/.TinyTeX/texmf-dist/tex/generic/pgf/math/pgfmathparser.code.tex) (/home/gschwing/.TinyTeX/texmf-dist/tex/generic/pgf/math/pgfmathfunctions.code.tex) (/home/gschwing/.TinyTeX/texmf-dist/tex/generic/pgf/math/pgfmathfunctions.basic.code.tex) (/home/gschwing/.TinyTeX/texmf-dist/tex/generic/pgf/math/pgfmathfunctions.trigonometric.code.tex) (/home/gschwing/.TinyTeX/texmf-dist/tex/generic/pgf/math/pgfmathfunctions.random.code.tex) (/home/gschwing/.TinyTeX/texmf-dist/tex/generic/pgf/math/pgfmathfunctions.comparison.code.tex) (/home/gschwing/.TinyTeX/texmf-dist/tex/generic/pgf/math/pgfmathfunctions.base.code.tex) (/home/gschwing/.TinyTeX/texmf-dist/tex/generic/pgf/math/pgfmathfunctions.round.code.tex) (/home/gschwing/.TinyTeX/texmf-dist/tex/generic/pgf/math/pgfmathfunctions.misc.code.tex) (/home/gschwing/.TinyTeX/texmf-dist/tex/generic/pgf/math/pgfmathfunctions.integerarithmetics.code.tex) (/home/gschwing/.TinyTeX/texmf-dist/tex/generic/pgf/math/pgfmathcalc.code.tex) (/home/gschwing/.TinyTeX/texmf-dist/tex/generic/pgf/math/pgfmathfloat.code.tex)) (/home/gschwing/.TinyTeX/texmf-dist/tex/generic/pgf/math/pgfint.code.tex) (/home/gschwing/.TinyTeX/texmf-dist/tex/generic/pgf/basiclayer/pgfcorepoints.code.tex) (/home/gschwing/.TinyTeX/texmf-dist/tex/generic/pgf/basiclayer/pgfcorepathconstruct.code.tex) (/home/gschwing/.TinyTeX/texmf-dist/tex/generic/pgf/basiclayer/pgfcorepathusage.code.tex) (/home/gschwing/.TinyTeX/texmf-dist/tex/generic/pgf/basiclayer/pgfcorescopes.code.tex) (/home/gschwing/.TinyTeX/texmf-dist/tex/generic/pgf/basiclayer/pgfcoregraphicstate.code.tex) (/home/gschwing/.TinyTeX/texmf-dist/tex/generic/pgf/basiclayer/pgfcoretransformations.code.tex) (/home/gschwing/.TinyTeX/texmf-dist/tex/generic/pgf/basiclayer/pgfcorequick.code.tex) (/home/gschwing/.TinyTeX/texmf-dist/tex/generic/pgf/basiclayer/pgfcoreobjects.code.tex) (/home/gschwing/.TinyTeX/texmf-dist/tex/generic/pgf/basiclayer/pgfcorepathprocessing.code.tex) (/home/gschwing/.TinyTeX/texmf-dist/tex/generic/pgf/basiclayer/pgfcorearrows.code.tex) (/home/gschwing/.TinyTeX/texmf-dist/tex/generic/pgf/basiclayer/pgfcoreshade.code.tex) (/home/gschwing/.TinyTeX/texmf-dist/tex/generic/pgf/basiclayer/pgfcoreimage.code.tex) (/home/gschwing/.TinyTeX/texmf-dist/tex/generic/pgf/basiclayer/pgfcoreexternal.code.tex) (/home/gschwing/.TinyTeX/texmf-dist/tex/generic/pgf/basiclayer/pgfcorelayers.code.tex) (/home/gschwing/.TinyTeX/texmf-dist/tex/generic/pgf/basiclayer/pgfcoretransparency.code.tex) (/home/gschwing/.TinyTeX/texmf-dist/tex/generic/pgf/basiclayer/pgfcorepatterns.code.tex) (/home/gschwing/.TinyTeX/texmf-dist/tex/generic/pgf/basiclayer/pgfcorerdf.code.tex))) (/home/gschwing/.TinyTeX/texmf-dist/tex/generic/pgf/modules/pgfmoduleshapes.code.tex) (/home/gschwing/.TinyTeX/texmf-dist/tex/generic/pgf/modules/pgfmoduleplot.code.tex) (/home/gschwing/.TinyTeX/texmf-dist/tex/latex/pgf/compatibility/pgfcomp-version-0-65.sty) (/home/gschwing/.TinyTeX/texmf-dist/tex/latex/pgf/compatibility/pgfcomp-version-1-18.sty)) (/home/gschwing/.TinyTeX/texmf-dist/tex/latex/pgf/utilities/pgffor.sty (/home/gschwing/.TinyTeX/texmf-dist/tex/latex/pgf/utilities/pgfkeys.sty (/home/gschwing/.TinyTeX/texmf-dist/tex/generic/pgf/utilities/pgfkeys.code.tex)) (/home/gschwing/.TinyTeX/texmf-dist/tex/latex/pgf/math/pgfmath.sty (/home/gschwing/.TinyTeX/texmf-dist/tex/generic/pgf/math/pgfmath.code.tex)) (/home/gschwing/.TinyTeX/texmf-dist/tex/generic/pgf/utilities/pgffor.code.tex)) (/home/gschwing/.TinyTeX/texmf-dist/tex/generic/pgf/frontendlayer/tikz/tikz.code.tex (/home/gschwing/.TinyTeX/texmf-dist/tex/generic/pgf/libraries/pgflibraryplothandlers.code.tex) (/home/gschwing/.TinyTeX/texmf-dist/tex/generic/pgf/modules/pgfmodulematrix.code.tex) (/home/gschwing/.TinyTeX/texmf-dist/tex/generic/pgf/frontendlayer/tikz/libraries/tikzlibrarytopaths.code.tex))) (/home/gschwing/.TinyTeX/texmf-dist/tex/generic/pgf/libraries/pgflibraryarrows.meta.code.tex) (/home/gschwing/.TinyTeX/texmf-dist/tex/generic/pgf/frontendlayer/tikz/libraries/tikzlibrarypositioning.code.tex) (/home/gschwing/.TinyTeX/texmf-dist/tex/generic/pgf/frontendlayer/tikz/libraries/tikzlibraryfit.code.tex) (/home/gschwing/.TinyTeX/texmf-dist/tex/generic/pgf/frontendlayer/tikz/libraries/tikzlibrarybackgrounds.code.tex) (/home/gschwing/.TinyTeX/texmf-dist/tex/latex/hyperref/hyperref.sty (/home/gschwing/.TinyTeX/texmf-dist/tex/generic/iftex/iftex.sty) (/home/gschwing/.TinyTeX/texmf-dist/tex/latex/kvsetkeys/kvsetkeys.sty) (/home/gschwing/.TinyTeX/texmf-dist/tex/generic/kvdefinekeys/kvdefinekeys.sty) (/home/gschwing/.TinyTeX/texmf-dist/tex/generic/pdfescape/pdfescape.sty (/home/gschwing/.TinyTeX/texmf-dist/tex/generic/ltxcmds/ltxcmds.sty) (/home/gschwing/.TinyTeX/texmf-dist/tex/generic/pdftexcmds/pdftexcmds.sty (/home/gschwing/.TinyTeX/texmf-dist/tex/generic/infwarerr/infwarerr.sty))) (/home/gschwing/.TinyTeX/texmf-dist/tex/latex/hycolor/hycolor.sty) (/home/gschwing/.TinyTeX/texmf-dist/tex/latex/hyperref/nameref.sty (/home/gschwing/.TinyTeX/texmf-dist/tex/latex/refcount/refcount.sty) (/home/gschwing/.TinyTeX/texmf-dist/tex/generic/gettitlestring/gettitlestring.sty (/home/gschwing/.TinyTeX/texmf-dist/tex/latex/kvoptions/kvoptions.sty))

Package nameref Warning: The definition of \label has changed! 
(nameref)                Check your packages! 
(nameref)                Replacing it with the kernel definition on input line 161.

) (/home/gschwing/.TinyTeX/texmf-dist/tex/latex/etoolbox/etoolbox.sty) (/home/gschwing/.TinyTeX/texmf-dist/tex/generic/stringenc/stringenc.sty) (/home/gschwing/.TinyTeX/texmf-dist/tex/latex/hyperref/pd1enc.def) (/home/gschwing/.TinyTeX/texmf-dist/tex/generic/intcalc/intcalc.sty) (/home/gschwing/.TinyTeX/texmf-dist/tex/latex/hyperref/puenc.def) (/home/gschwing/.TinyTeX/texmf-dist/tex/generic/bitset/bitset.sty (/home/gschwing/.TinyTeX/texmf-dist/tex/generic/bigintcalc/bigintcalc.sty))) (/home/gschwing/.TinyTeX/texmf-dist/tex/latex/hyperref/hpdftex.def (/home/gschwing/.TinyTeX/texmf-dist/tex/latex/rerunfilecheck/rerunfilecheck.sty (/home/gschwing/.TinyTeX/texmf-dist/tex/generic/uniquecounter/uniquecounter.sty))) (/home/gschwing/.TinyTeX/texmf-dist/tex/latex/l3kernel/l3backend-pdftex.def) (./typeset_preview.aux) (/home/gschwing/.TinyTeX/texmf-dist/tex/latex/epstopdf-pkg/epstopdf-base.sty (/home/gschwing/.TinyTeX/texmf-dist/tex/latex/latexconfig/epstopdf-sys.cfg)) (./typeset_preview.out) (./typeset_preview.out) (/home/gschwing/.TinyTeX/texmf-dist/tex/latex/amsfonts/umsa.fd) (/home/gschwing/.TinyTeX/texmf-dist/tex/latex/amsfonts/umsb.fd) [1{/home/gschwing/.TinyTeX/texmf-var/fonts/map/pdftex/updmap/pdftex.map}]

LaTeX Font Warning: Font shape `OT1/cmss/m/n' in size <9.5> not available
(Font)              size <9> substituted on input line 224.


LaTeX Font Warning: Font shape `OT1/cmss/bx/n' in size <9.5> not available
(Font)              size <9> substituted on input line 224.

[2] [3 <./figures/fig_priorart.pdf>]
Underfull \hbox (badness 1360) in paragraph at lines 475--480
[]\OT1/cmr/m/it/10 Generative ar-ti-fi-cial in-tel-li-gence. \OT1/cmr/m/n/10 Large-language-
[4] [5 <./figures/fig_anchors.pdf>]
Underfull \hbox (badness 10000) in paragraph at lines 638--642
[]\OT1/cmr/m/n/10 Splits are patient-grouped and LSTV-stratified

Underfull \hbox (badness 5970) in paragraph at lines 638--642
\OT1/cmr/m/n/10 five-fold, frozen and shipped with the data as
[6]
Underfull \hbox (badness 4084) in paragraph at lines 685--687
[]\OT1/cmr/m/n/10 The archive of record is Zen-odo (10.5281/zen-
[7] [8 <./figures/fig_countfree.pdf> <./figures/fig_validation.pdf>] [9 <./figures/fig_levelatlas.pdf>]
Underfull \hbox (badness 1077) in paragraph at lines 904--908
 []\OT1/cmr/m/n/8 G. P. Konin and D. M. Walz,  Lum-bosacral tran-si-tional

Underfull \hbox (badness 10000) in paragraph at lines 969--973
 []\OT1/cmr/m/n/8 K. Smith et al.,  Data from CT COLONOG-

Underfull \hbox (badness 10000) in paragraph at lines 969--973
 \OT1/cmr/m/n/8 RA-PHY,  The Can-cer Imag-ing Archive, 2015,
No file typeset_preview.bbl.
[10] (./typeset_preview.aux)

LaTeX Font Warning: Size substitutions with differences
(Font)              up to 0.5pt have occurred.

 )
(see the transcript file for additional information) </home/gschwing/.TinyTeX/texmf-var/fonts/pk/ljfour/jknappen/ec/tcrm1000.600pk></home/gschwing/.TinyTeX/texmf-dist/fonts/type1/public/amsfonts/cm/cmbx10.pfb></home/gschwing/.TinyTeX/texmf-dist/fonts/type1/public/amsfonts/cm/cmbx8.pfb></home/gschwing/.TinyTeX/texmf-dist/fonts/type1/public/amsfonts/cm/cmcsc10.pfb></home/gschwing/.TinyTeX/texmf-dist/fonts/type1/public/amsfonts/cm/cmmi10.pfb></home/gschwing/.TinyTeX/texmf-dist/fonts/type1/public/amsfonts/cm/cmmi8.pfb></home/gschwing/.TinyTeX/texmf-dist/fonts/type1/public/amsfonts/cm/cmr10.pfb></home/gschwing/.TinyTeX/texmf-dist/fonts/type1/public/amsfonts/cm/cmr6.pfb></home/gschwing/.TinyTeX/texmf-dist/fonts/type1/public/amsfonts/cm/cmr7.pfb></home/gschwing/.TinyTeX/texmf-dist/fonts/type1/public/amsfonts/cm/cmr8.pfb></home/gschwing/.TinyTeX/texmf-dist/fonts/type1/public/amsfonts/cm/cmss10.pfb></home/gschwing/.TinyTeX/texmf-dist/fonts/type1/public/amsfonts/cm/cmssbx10.pfb></home/gschwing/.TinyTeX/texmf-dist/fonts/type1/public/amsfonts/cm/cmsy10.pfb></home/gschwing/.TinyTeX/texmf-dist/fonts/type1/public/amsfonts/cm/cmsy6.pfb></home/gschwing/.TinyTeX/texmf-dist/fonts/type1/public/amsfonts/cm/cmsy8.pfb></home/gschwing/.TinyTeX/texmf-dist/fonts/type1/public/amsfonts/cm/cmti10.pfb></home/gschwing/.TinyTeX/texmf-dist/fonts/type1/public/amsfonts/cm/cmti8.pfb></home/gschwing/.TinyTeX/texmf-dist/fonts/type1/public/amsfonts/cm/cmti9.pfb></home/gschwing/.TinyTeX/texmf-dist/fonts/type1/public/amsfonts/cm/cmtt10.pfb>
Output written on typeset_preview.pdf (10 pages, 750530 bytes).
Transcript written on typeset_preview.log.
